19:56:27 **** Incremental Build of configuration Debug for project 001Toggle_LED_Bitfields ****
make -j12 all 
arm-none-eabi-gcc "../Src/main.c" -mcpu=cortex-m4 -std=gnu11 -g3 -DDEBUG -DSTM32 -DSTM32F407G_DISC1 -DSTM32F4 -DSTM32F407VGTx -c -I../Inc -O0 -ffunction-sections -fdata-sections -Wall -fstack-usage -fcyclomatic-complexity -MMD -MP -MF"Src/main.d" -MT"Src/main.o" --specs=nano.specs -mfloat-abi=soft -mthumb -o "Src/main.o"
arm-none-eabi-gcc -o "001Toggle_LED_Bitfields.elf" @"objects.list"   -mcpu=cortex-m4 -T"/home/tyler/embedded_c_ws/my_ws/host/001Toggle_LED_Bitfields/STM32F407VGTX_FLASH.ld" --specs=nosys.specs -Wl,-Map="001Toggle_LED_Bitfields.map" -Wl,--gc-sections -static --specs=nano.specs -mfloat-abi=soft -mthumb -Wl,--start-group -lc -lm -Wl,--end-group
Finished building target: 001Toggle_LED_Bitfields.elf
 
arm-none-eabi-size  001Toggle_LED_Bitfields.elf 
arm-none-eabi-objdump -h -S 001Toggle_LED_Bitfields.elf  > "001Toggle_LED_Bitfields.list"
   text	   data	    bss	    dec	    hex	filename
    744	      8	   1568	   2320	    910	001Toggle_LED_Bitfields.elf
Finished building: default.size.stdout
 
Finished building: 001Toggle_LED_Bitfields.list
 
