21:17:54 **** Incremental Build of configuration Debug for project 004_FloatingPoint ****
make -j12 all 
arm-none-eabi-gcc "../Src/main.c" -mcpu=cortex-m4 -std=gnu11 -g3 -DDEBUG -DSTM32 -DSTM32F407G_DISC1 -DSTM32F4 -DSTM32F407VGTx -c -I../Inc -O0 -ffunction-sections -fdata-sections -Wall -fstack-usage -fcyclomatic-complexity -MMD -MP -MF"Src/main.d" -MT"Src/main.o" --specs=nano.specs -mfloat-abi=soft -mthumb -o "Src/main.o"
arm-none-eabi-gcc -o "004_FloatingPoint.elf" @"objects.list"   -mcpu=cortex-m4 -T"/home/tyler/embedded_c_ws/my_ws/target/004_FloatingPoint/STM32F407VGTX_FLASH.ld" --specs=nosys.specs -Wl,-Map="004_FloatingPoint.map" -Wl,--gc-sections -static --specs=nano.specs -mfloat-abi=soft -mthumb -Wl,--start-group -lc -lm -Wl,--end-group
Finished building target: 004_FloatingPoint.elf
 
arm-none-eabi-size  004_FloatingPoint.elf 
arm-none-eabi-objdump -h -S 004_FloatingPoint.elf  > "004_FloatingPoint.list"
   text	   data	    bss	    dec	    hex	filename
   4804	    100	   1900	   6804	   1a94	004_FloatingPoint.elf
Finished building: default.size.stdout
 
Finished building: 004_FloatingPoint.list
 

21:17:55 Build Finished. 0 errors, 0 warnings. (took 623ms)

