22:54:09 **** Incremental Build of configuration Debug for project 009_LED_ON_Exercise ****
make -j12 all 
arm-none-eabi-gcc "../Src/main.c" -mcpu=cortex-m4 -std=gnu11 -g3 -DDEBUG -DSTM32 -DSTM32F407G_DISC1 -DSTM32F4 -DSTM32F407VGTx -c -I../Inc -O0 -ffunction-sections -fdata-sections -Wall -fstack-usage -fcyclomatic-complexity -MMD -MP -MF"Src/main.d" -MT"Src/main.o" --specs=nano.specs -mfloat-abi=soft -mthumb -o "Src/main.o"
arm-none-eabi-gcc -o "009_LED_ON_Exercise.elf" @"objects.list"   -mcpu=cortex-m4 -T"/home/tyler/embedded_c_ws/my_ws/target/009_LED_ON_Exercise/STM32F407VGTX_FLASH.ld" --specs=nosys.specs -Wl,-Map="009_LED_ON_Exercise.map" -Wl,--gc-sections -static --specs=nano.specs -mfloat-abi=soft -mthumb -Wl,--start-group -lc -lm -Wl,--end-group
Finished building target: 009_LED_ON_Exercise.elf
 
arm-none-eabi-size  009_LED_ON_Exercise.elf 
arm-none-eabi-objdump -h -S 009_LED_ON_Exercise.elf  > "009_LED_ON_Exercise.list"
   text	   data	    bss	    dec	    hex	filename
    716	      8	   1568	   2292	    8f4	009_LED_ON_Exercise.elf
Finished building: default.size.stdout
 
Finished building: 009_LED_ON_Exercise.list
 

22:54:10 Build Finished. 0 errors, 0 warnings. (took 623ms)

