13:48:38 **** Incremental Build of configuration Debug for project 012_PA0_PIN_READ ****
make -j12 all 
arm-none-eabi-gcc "../Src/main.c" -mcpu=cortex-m4 -std=gnu11 -g3 -DDEBUG -DSTM32 -DSTM32F407G_DISC1 -DSTM32F4 -DSTM32F407VGTx -c -I../Inc -O0 -ffunction-sections -fdata-sections -Wall -fstack-usage -fcyclomatic-complexity -MMD -MP -MF"Src/main.d" -MT"Src/main.o" --specs=nano.specs -mfpu=fpv4-sp-d16 -mfloat-abi=hard -mthumb -o "Src/main.o"
arm-none-eabi-gcc -o "012_PA0_PIN_READ.elf" @"objects.list"   -mcpu=cortex-m4 -T"/home/tyler/embedded_c_ws/my_ws/target/012_PA0_PIN_READ/STM32F407VGTX_FLASH.ld" --specs=nosys.specs -Wl,-Map="012_PA0_PIN_READ.map" -Wl,--gc-sections -static --specs=nano.specs -mfpu=fpv4-sp-d16 -mfloat-abi=hard -mthumb -Wl,--start-group -lc -lm -Wl,--end-group
Finished building target: 012_PA0_PIN_READ.elf
 
arm-none-eabi-size  012_PA0_PIN_READ.elf 
arm-none-eabi-objdump -h -S 012_PA0_PIN_READ.elf  > "012_PA0_PIN_READ.list"
   text	   data	    bss	    dec	    hex	filename
    772	      8	   1568	   2348	    92c	012_PA0_PIN_READ.elf
Finished building: default.size.stdout
 
Finished building: 012_PA0_PIN_READ.list
 
13:48:45 **** Incremental Build of configuration Debug for project 012_PA0_PIN_READ ****
make -j12 all 
arm-none-eabi-size  012_PA0_PIN_READ.elf 
   text	   data	    bss	    dec	    hex	filename
    772	      8	   1568	   2348	    92c	012_PA0_PIN_READ.elf
Finished building: default.size.stdout
 
